
===========================================================================
 report_power
============================================================================
======================= nom_tt_025C_1v80 Corner ===================================

Group                    Internal    Switching      Leakage        Total
                            Power        Power        Power        Power (Watts)
------------------------------------------------------------------------
Sequential           1.055414e-04 0.000000e+00 3.089060e-10 1.055417e-04  42.6%
Combinational        2.768983e-06 4.722832e-06 5.812937e-10 7.492396e-06   3.0%
Clock                9.513572e-05 3.968398e-05 4.790633e-10 1.348202e-04  54.4%
Macro                0.000000e+00 0.000000e+00 0.000000e+00 0.000000e+00   0.0%
Pad                  0.000000e+00 0.000000e+00 0.000000e+00 0.000000e+00   0.0%
------------------------------------------------------------------------
Total                2.034461e-04 4.440681e-05 1.369261e-09 2.478543e-04 100.0%
                            82.1%        17.9%         0.0%

